============================= test session starts =============================
platform win32 -- Python 3.12.10, pytest-9.0.2, pluggy-1.6.0
rootdir: C:\dev\github\business\Forensic_CPA_AI
plugins: anyio-4.12.1, mock-3.15.1
collected 0 items / 1 error

=================================== ERRORS ====================================
________________ ERROR collecting tests/test_upload_formats.py ________________
ImportError while importing test module 'C:\dev\github\business\Forensic_CPA_AI\tests\test_upload_formats.py'.
Hint: make sure your test modules/packages have valid Python names.
Traceback:
C:\Users\nedpe\AppData\Local\Programs\Python\Python312\Lib\importlib\__init__.py:90: in import_module
    return _bootstrap._gcd_import(name[level:], package, level)
           ^^^^^^^^^^^^^^^^^^^^^^^^^^^^^^^^^^^^^^^^^^^^^^^^^^^^
tests\test_upload_formats.py:7: in <module>
    from app import app
E   ModuleNotFoundError: No module named 'app'
=========================== short test summary info ===========================
ERROR tests/test_upload_formats.py
!!!!!!!!!!!!!!!!!!! Interrupted: 1 error during collection !!!!!!!!!!!!!!!!!!!!
============================== 1 error in 0.53s ===============================
